ctd.nc contains 1 cubes [only:sea_water_temperature]:
-----------------------------------------------------
0: sea_water_temperature / (K)         (sea_water_pressure_due_to_sea_water: 500)
